[demo.graygrids.com/themes/classified/index.html]
[backblue.gif]
[fade.gif]
[index.html]
[demo.graygrids.com/themes/classified/assets/images/favicon.png]
[demo.graygrids.com/themes/classified/assets/css/magnific-popup.css]
[demo.graygrids.com/themes/classified/assets/css/nice-select.css]
[demo.graygrids.com/themes/classified/assets/css/slick.css]
[demo.graygrids.com/themes/classified/assets/css/ion.rangeSlider.min.css]
[demo.graygrids.com/themes/classified/assets/css/fontawesome.min.css]
[demo.graygrids.com/themes/classified/assets/css/bootstrap.min.css]
[demo.graygrids.com/themes/classified/assets/css/default.css]
[demo.graygrids.com/themes/classified/assets/css/style.css]
[demo.graygrids.com/themes/classified/assets/images/logo.png]
[demo.graygrids.com/themes/classified/categories.html]
[demo.graygrids.com/themes/classified/about.html]
[demo.graygrids.com/themes/classified/product.html]
[demo.graygrids.com/themes/classified/product-details.html]
[demo.graygrids.com/themes/classified/error-404.html]
[demo.graygrids.com/themes/classified/faq.html]
[demo.graygrids.com/themes/classified/pricing.html]
[demo.graygrids.com/themes/classified/sign-in.html]
[demo.graygrids.com/themes/classified/sign-up.html]
[demo.graygrids.com/themes/classified/blog.html]
[demo.graygrids.com/themes/classified/blog-details.html]
[demo.graygrids.com/themes/classified/contact.html]
[demo.graygrids.com/themes/classified/dashboard.html]
[demo.graygrids.com/themes/classified/profile-settings.html]
[demo.graygrids.com/themes/classified/my-ads.html]
[demo.graygrids.com/themes/classified/offermessages.html]
[demo.graygrids.com/themes/classified/payments.html]
[demo.graygrids.com/themes/classified/favourite-ads.html]
[demo.graygrids.com/themes/classified/privacy-setting.html]
[demo.graygrids.com/themes/classified/post-ads.html]
[demo.graygrids.com/themes/classified/assets/images/hero.jpg]
[demo.graygrids.com/themes/classified/assets/images/ads-1.png]
[demo.graygrids.com/themes/classified/assets/images/ads-2.png]
[demo.graygrids.com/themes/classified/assets/images/ads-3.png]
[demo.graygrids.com/themes/classified/assets/images/ads-4.png]
[demo.graygrids.com/themes/classified/assets/images/ads-5.png]
[demo.graygrids.com/themes/classified/assets/images/ads-6.png]
[demo.graygrids.com/themes/classified/assets/images/ads-7.png]
[demo.graygrids.com/themes/classified/assets/images/ads-8.png]
[demo.graygrids.com/themes/classified/assets/images/choose.png]
[demo.graygrids.com/themes/classified/assets/images/locations-1.jpg]
[demo.graygrids.com/themes/classified/assets/images/locations-2.jpg]
[demo.graygrids.com/themes/classified/assets/images/locations-3.jpg]
[demo.graygrids.com/themes/classified/assets/images/counter-bg.jpg]
[demo.graygrids.com/themes/classified/assets/images/icon/counter-1.svg]
[demo.graygrids.com/themes/classified/assets/images/icon/counter-2.svg]
[demo.graygrids.com/themes/classified/assets/images/icon/counter-3.svg]
[demo.graygrids.com/themes/classified/assets/images/icon/pricing-1.svg]
[demo.graygrids.com/themes/classified/assets/images/icon/pricing-2.svg]
[demo.graygrids.com/themes/classified/assets/images/icon/pricing-3.svg]
[demo.graygrids.com/themes/classified/assets/images/blog-1.jpg]
[demo.graygrids.com/themes/classified/assets/images/blog-2.jpg]
[demo.graygrids.com/themes/classified/assets/images/blog-3.jpg]
[demo.graygrids.com/themes/classified/assets/images/icon/payment-method1.jpg]
[demo.graygrids.com/themes/classified/assets/images/icon/payment-method2.jpg]
[demo.graygrids.com/themes/classified/assets/images/icon/payment-method3.jpg]
[demo.graygrids.com/themes/classified/assets/images/icon/payment-method4.jpg]
[demo.graygrids.com/themes/classified/assets/js/vendor/jquery-1.12.4.min.js]
[demo.graygrids.com/themes/classified/assets/js/vendor/modernizr-3.7.1.min.js]
[demo.graygrids.com/themes/classified/assets/js/popper.min.js]
[demo.graygrids.com/themes/classified/assets/js/bootstrap.min.js]
[demo.graygrids.com/themes/classified/assets/js/slick.min.js]
[demo.graygrids.com/themes/classified/assets/js/jquery.magnific-popup.min.js]
[demo.graygrids.com/themes/classified/assets/js/jquery.nice-select.min.js]
[demo.graygrids.com/themes/classified/assets/js/waypoints.min.js]
[demo.graygrids.com/themes/classified/assets/js/jquery.counterup.min.js]
[demo.graygrids.com/themes/classified/assets/js/ion.rangeSlider.min.js]
[demo.graygrids.com/themes/classified/assets/js/ajax-contact.js]
[demo.graygrids.com/themes/classified/assets/js/main.js]
[demo.graygrids.com/themes/classified/index.html]
[demo.graygrids.com/themes/classified/assets/css/magnific-popup.css]
[demo.graygrids.com/themes/classified/assets/css/nice-select.css]
[demo.graygrids.com/themes/classified/assets/css/slick.css]
[demo.graygrids.com/themes/classified/assets/css/ion.rangeSlider.min.css]
[ajax.cloudflare.com/cdn-cgi/scripts/7089c43e/cloudflare-static/rocket-loader.min.js]
[demo.graygrids.com/themes/classified/assets/fonts/fa-brands-400.eot]
[demo.graygrids.com/themes/classified/assets/fonts/fa-brands-400d41d.eot]
[demo.graygrids.com/themes/classified/assets/fonts/fa-brands-400.woff2]
[demo.graygrids.com/themes/classified/assets/fonts/fa-brands-400.woff]
[demo.graygrids.com/themes/classified/assets/fonts/fa-brands-400.ttf]
[demo.graygrids.com/themes/classified/assets/fonts/fa-brands-400.svg]
[demo.graygrids.com/themes/classified/assets/fonts/fa-light-300.eot]
[demo.graygrids.com/themes/classified/assets/fonts/fa-light-300d41d.eot]
[demo.graygrids.com/themes/classified/assets/fonts/fa-light-300.woff2]
[demo.graygrids.com/themes/classified/assets/fonts/fa-light-300.woff]
[demo.graygrids.com/themes/classified/assets/fonts/fa-light-300.ttf]
[demo.graygrids.com/themes/classified/assets/fonts/fa-light-300.svg]
[demo.graygrids.com/themes/classified/assets/fonts/fa-regular-400.eot]
[demo.graygrids.com/themes/classified/assets/fonts/fa-regular-400d41d.eot]
[demo.graygrids.com/themes/classified/assets/fonts/fa-regular-400.woff2]
[demo.graygrids.com/themes/classified/assets/fonts/fa-regular-400.woff]
[demo.graygrids.com/themes/classified/assets/fonts/fa-regular-400.ttf]
[demo.graygrids.com/themes/classified/assets/fonts/fa-regular-400.svg]
[demo.graygrids.com/themes/classified/assets/fonts/fa-solid-900.eot]
[demo.graygrids.com/themes/classified/assets/fonts/fa-solid-900d41d.eot]
[demo.graygrids.com/themes/classified/assets/fonts/fa-solid-900.woff2]
[demo.graygrids.com/themes/classified/assets/fonts/fa-solid-900.woff]
[demo.graygrids.com/themes/classified/assets/fonts/fa-solid-900.ttf]
[demo.graygrids.com/themes/classified/assets/css/fontawesome.min.css]
[demo.graygrids.com/themes/classified/assets/css/bootstrap.min.css]
[demo.graygrids.com/themes/classified/assets/css/default.css]
[demo.graygrids.com/themes/classified/assets/css/style.css]
[demo.graygrids.com/themes/classified/assets/images/page-banner.jpg]
[demo.graygrids.com/themes/classified/assets/fonts/fa-solid-900.svg]
[demo.graygrids.com/themes/classified/assets/images/categories_icon/categories-1.svg]
[demo.graygrids.com/themes/classified/assets/images/categories_icon/categories-2.svg]
[demo.graygrids.com/themes/classified/assets/images/categories_icon/categories-3.svg]
[demo.graygrids.com/themes/classified/assets/images/categories_icon/categories-4.svg]
[demo.graygrids.com/themes/classified/categories.html]
[demo.graygrids.com/themes/classified/assets/images/categories_icon/categories-5.svg]
[demo.graygrids.com/themes/classified/assets/images/about-image.jpg]
[demo.graygrids.com/themes/classified/assets/images/signechar.png]
[demo.graygrids.com/themes/classified/assets/images/about-image-1.jpg]
[demo.graygrids.com/themes/classified/assets/images/about-image-2.jpg]
[demo.graygrids.com/themes/classified/assets/images/team-1.jpg]
[demo.graygrids.com/themes/classified/assets/images/team-2.jpg]
[demo.graygrids.com/themes/classified/assets/images/team-3.jpg]
[demo.graygrids.com/themes/classified/assets/images/team-4.jpg]
[demo.graygrids.com/themes/classified/about.html]
[demo.graygrids.com/themes/classified/assets/images/sidebar_icon/categories-1.svg]
[demo.graygrids.com/themes/classified/assets/images/sidebar_icon/categories-2.svg]
[demo.graygrids.com/themes/classified/assets/images/sidebar_icon/categories-3.svg]
[demo.graygrids.com/themes/classified/assets/images/sidebar_icon/categories-4.svg]
[demo.graygrids.com/themes/classified/assets/images/sidebar_icon/categories-5.svg]
[demo.graygrids.com/themes/classified/assets/images/sidebar_icon/categories-6.svg]
[demo.graygrids.com/themes/classified/assets/images/sidebar_icon/categories-7.svg]
[demo.graygrids.com/themes/classified/assets/images/sidebar_icon/categories-8.svg]
[demo.graygrids.com/themes/classified/assets/images/sidebar_icon/categories-9.svg]
[demo.graygrids.com/themes/classified/assets/images/ads-9.png]
[demo.graygrids.com/themes/classified/assets/images/ads-10.png]
[demo.graygrids.com/themes/classified/assets/images/ads-11.png]
[demo.graygrids.com/themes/classified/assets/images/ads-12.png]
[demo.graygrids.com/themes/classified/product.html]
[demo.graygrids.com/themes/classified/assets/images/product_details-1.jpg]
[demo.graygrids.com/themes/classified/assets/images/product_details-2.jpg]
[demo.graygrids.com/themes/classified/assets/images/product_details-3.jpg]
[demo.graygrids.com/themes/classified/assets/images/product_details-4.jpg]
[demo.graygrids.com/themes/classified/assets/images/author-1.jpg]
[demo.graygrids.com/themes/classified/assets/images/author-2.jpg]
[demo.graygrids.com/themes/classified/product-details.html]
[demo.graygrids.com/themes/classified/error-404.html]
[demo.graygrids.com/themes/classified/faq.html]
[demo.graygrids.com/themes/classified/pricing.html]
[demo.graygrids.com/themes/classified/sign-in.html]
[demo.graygrids.com/themes/classified/sign-up.html]
[demo.graygrids.com/themes/classified/assets/images/blog-4.jpg]
[demo.graygrids.com/themes/classified/assets/images/blog-5.jpg]
[demo.graygrids.com/themes/classified/assets/images/blog-6.jpg]
[demo.graygrids.com/themes/classified/assets/images/blog-7.jpg]
[demo.graygrids.com/themes/classified/assets/images/blog-8.jpg]
[demo.graygrids.com/themes/classified/assets/images/blog-9.jpg]
[demo.graygrids.com/themes/classified/assets/images/blog-10.jpg]
[demo.graygrids.com/themes/classified/assets/images/blog-11.jpg]
[demo.graygrids.com/themes/classified/assets/images/blog-12.jpg]
[demo.graygrids.com/themes/classified/blog.html]
[demo.graygrids.com/themes/classified/assets/images/blog_details-1.jpg]
[demo.graygrids.com/themes/classified/assets/images/blog_details-2.jpg]
[demo.graygrids.com/themes/classified/assets/images/author-3.jpg]
[demo.graygrids.com/themes/classified/assets/images/author-4.jpg]
[demo.graygrids.com/themes/classified/blog-details.html]
[demo.graygrids.com/themes/classified/contact.html]
[demo.graygrids.com/themes/classified/dashboard.html]
[demo.graygrids.com/themes/classified/profile-settings.html]
[demo.graygrids.com/themes/classified/my-ads.html]
[demo.graygrids.com/themes/classified/offermessages.html]
[demo.graygrids.com/themes/classified/payments.html]
[demo.graygrids.com/themes/classified/favourite-ads.html]
[demo.graygrids.com/themes/classified/privacy-setting.html]
[demo.graygrids.com/themes/classified/post-ads.html]
[demo.graygrids.com/themes/classified/assets/images/icon/counter-1.svg]
[demo.graygrids.com/themes/classified/assets/images/icon/counter-2.svg]
[demo.graygrids.com/themes/classified/assets/images/icon/counter-3.svg]
[demo.graygrids.com/themes/classified/assets/images/icon/pricing-1.svg]
[demo.graygrids.com/themes/classified/assets/images/icon/pricing-2.svg]
[demo.graygrids.com/themes/classified/assets/images/icon/pricing-3.svg]
[demo.graygrids.com/themes/classified/assets/js/vendor/jquery-1.12.4.min.js]
[demo.graygrids.com/themes/classified/assets/js/vendor/modernizr-3.7.1.min.js]
[demo.graygrids.com/themes/classified/assets/js/popper.min.js]
[demo.graygrids.com/cdn-cgi/scripts/5c5dd728/cloudflare-static/email-decode.min.js]
[demo.graygrids.com/themes/classified/popper.js]
[demo.graygrids.com/themes/classified/assets/js/bootstrap.min.js]
[demo.graygrids.com/themes/classified/assets/js/slick.min.js]
[demo.graygrids.com/themes/classified/assets/js/jquery.magnific-popup.min.js]
[demo.graygrids.com/themes/classified/assets/js/jquery.nice-select.min.js]
[demo.graygrids.com/themes/classified/assets/js/waypoints.min.js]
[demo.graygrids.com/themes/classified/assets/js/jquery.counterup.min.js]
[demo.graygrids.com/themes/classified/assets/js/ion.rangeSlider.min.js]
[demo.graygrids.com/themes/classified/assets/js/ajax-contact.js]
[demo.graygrids.com/themes/classified/assets/images/logo-white.png]
[demo.graygrids.com/themes/classified/assets/js/main.js]
[demo.graygrids.com/themes/classified/assets/fonts/fa-brands-400.svg]
[demo.graygrids.com/themes/classified/assets/fonts/fa-light-300.svg]
[demo.graygrids.com/themes/classified/assets/fonts/fa-regular-400.svg]
[demo.graygrids.com/themes/classified/assets/fonts/fa-solid-900.svg]
[demo.graygrids.com/themes/classified/assets/images/categories_icon/categories-1.svg]
[demo.graygrids.com/themes/classified/assets/images/categories_icon/categories-2.svg]
[demo.graygrids.com/themes/classified/assets/images/categories_icon/categories-3.svg]
[demo.graygrids.com/themes/classified/assets/images/categories_icon/categories-4.svg]
[demo.graygrids.com/themes/classified/assets/images/categories_icon/categories-5.svg]
[demo.graygrids.com/themes/classified/assets/images/sidebar_icon/categories-1.svg]
[demo.graygrids.com/themes/classified/assets/images/sidebar_icon/categories-2.svg]
[demo.graygrids.com/themes/classified/assets/images/sidebar_icon/categories-3.svg]
[demo.graygrids.com/themes/classified/assets/images/sidebar_icon/categories-4.svg]
[demo.graygrids.com/themes/classified/assets/images/sidebar_icon/categories-5.svg]
[demo.graygrids.com/themes/classified/assets/images/sidebar_icon/categories-6.svg]
[demo.graygrids.com/themes/classified/assets/images/sidebar_icon/categories-7.svg]
[demo.graygrids.com/themes/classified/assets/images/sidebar_icon/categories-8.svg]
[demo.graygrids.com/themes/classified/assets/images/sidebar_icon/categories-9.svg]
[demo.graygrids.com/themes/classified/popper.html]
[demo.graygrids.com/themes/classified/assets/images/logo-white.html]
